[30-Aug-2026 14:50:22 UTC] [EXCEPTION NON INTERCEPTÉE] Call to undefined function getFacturesListe() dans C:\wamp64\www\Gestion_commercial\views\commande\vente_actions.php:44
#0 C:\wamp64\www\Gestion_commercial\views\commande\vente.php(45): require()
#1 C:\wamp64\www\Gestion_commercial\controllers\CommandeController.php(17): include('C:\\wamp64\\www\\G...')
#2 C:\wamp64\www\Gestion_commercial\router.php(31): commande->vente()
#3 {main}
[30-Aug-2026 14:50:28 UTC] [EXCEPTION NON INTERCEPTÉE] Call to undefined function getFacturesListe() dans C:\wamp64\www\Gestion_commercial\views\commande\vente_actions.php:44
#0 C:\wamp64\www\Gestion_commercial\views\commande\vente.php(45): require()
#1 C:\wamp64\www\Gestion_commercial\controllers\CommandeController.php(17): include('C:\\wamp64\\www\\G...')
#2 C:\wamp64\www\Gestion_commercial\router.php(31): commande->vente()
#3 {main}
[30-Aug-2026 14:50:33 UTC] [EXCEPTION NON INTERCEPTÉE] Call to undefined function getFacturesListe() dans C:\wamp64\www\Gestion_commercial\views\commande\vente_actions.php:44
#0 C:\wamp64\www\Gestion_commercial\views\commande\vente.php(45): require()
#1 C:\wamp64\www\Gestion_commercial\controllers\CommandeController.php(17): include('C:\\wamp64\\www\\G...')
#2 C:\wamp64\www\Gestion_commercial\router.php(31): commande->vente()
#3 {main}
[30-Aug-2026 14:50:53 UTC] [EXCEPTION NON INTERCEPTÉE] Call to undefined function getFacturesListe() dans C:\wamp64\www\Gestion_commercial\views\commande\vente_actions.php:44
#0 C:\wamp64\www\Gestion_commercial\views\commande\vente.php(45): require()
#1 C:\wamp64\www\Gestion_commercial\controllers\CommandeController.php(17): include('C:\\wamp64\\www\\G...')
#2 C:\wamp64\www\Gestion_commercial\router.php(31): commande->vente()
#3 {main}
[10-Sep-2026 15:20:30 UTC] [EXCEPTION NON INTERCEPTÉE] SQLSTATE[42S22]: Column not found: 1054 Champ 'bl.statut_facture' inconnu dans field list dans C:\wamp64\www\Gestion_commercial\views\facture\bon_livraison.php:335
#0 C:\wamp64\www\Gestion_commercial\views\facture\bon_livraison.php(335): PDOStatement->execute(Array)
#1 C:\wamp64\www\Gestion_commercial\controllers\FactureController.php(21): include('C:\\wamp64\\www\\G...')
#2 C:\wamp64\www\Gestion_commercial\router.php(31): facture->bonLivraison()
#3 {main}
[10-Sep-2026 15:20:34 UTC] [EXCEPTION NON INTERCEPTÉE] SQLSTATE[42S22]: Column not found: 1054 Champ 'bl.statut_facture' inconnu dans field list dans C:\wamp64\www\Gestion_commercial\views\facture\bon_livraison.php:335
#0 C:\wamp64\www\Gestion_commercial\views\facture\bon_livraison.php(335): PDOStatement->execute(Array)
#1 C:\wamp64\www\Gestion_commercial\controllers\FactureController.php(21): include('C:\\wamp64\\www\\G...')
#2 C:\wamp64\www\Gestion_commercial\router.php(31): facture->bonLivraison()
#3 {main}
[15-Sep-2026 21:05:17 UTC] [EXCEPTION NON INTERCEPTÉE] Undefined constant "USER_ID" dans C:\wamp64\www\Gestion_commercial\views\commande\suivi_achat_actions.php:285
#0 C:\wamp64\www\Gestion_commercial\views\commande\suivi_achat.php(17): require()
#1 C:\wamp64\www\Gestion_commercial\controllers\CommandeController.php(7): include('C:\\wamp64\\www\\G...')
#2 C:\wamp64\www\Gestion_commercial\router.php(31): commande->suiviAchat()
#3 {main}
[15-Sep-2026 21:05:24 UTC] [EXCEPTION NON INTERCEPTÉE] Undefined constant "USER_ID" dans C:\wamp64\www\Gestion_commercial\views\commande\suivi_achat_actions.php:285
#0 C:\wamp64\www\Gestion_commercial\views\commande\suivi_achat.php(17): require()
#1 C:\wamp64\www\Gestion_commercial\controllers\CommandeController.php(7): include('C:\\wamp64\\www\\G...')
#2 C:\wamp64\www\Gestion_commercial\router.php(31): commande->suiviAchat()
#3 {main}
[15-Sep-2026 21:07:01 UTC] [EXCEPTION NON INTERCEPTÉE] Undefined constant "USER_ID" dans C:\wamp64\www\Gestion_commercial\views\commande\suivi_achat_actions.php:285
#0 C:\wamp64\www\Gestion_commercial\views\commande\suivi_achat.php(17): require()
#1 C:\wamp64\www\Gestion_commercial\controllers\CommandeController.php(7): include('C:\\wamp64\\www\\G...')
#2 C:\wamp64\www\Gestion_commercial\router.php(31): commande->suiviAchat()
#3 {main}
[15-Sep-2026 21:07:06 UTC] [EXCEPTION NON INTERCEPTÉE] Undefined constant "USER_ID" dans C:\wamp64\www\Gestion_commercial\views\commande\suivi_achat_actions.php:285
#0 C:\wamp64\www\Gestion_commercial\views\commande\suivi_achat.php(17): require()
#1 C:\wamp64\www\Gestion_commercial\controllers\CommandeController.php(7): include('C:\\wamp64\\www\\G...')
#2 C:\wamp64\www\Gestion_commercial\router.php(31): commande->suiviAchat()
#3 {main}
